// Vitest Snapshot v1, https://vitest.dev/guide/snapshot.html

exports[`ProgressBar Component > matches snapshot 1`] = `
<div>
  <div
    class="MuiStack-root progress css-nen11g-MuiStack-root"
  >
    <span
      style="color: white;"
    >
      50
      %
    </span>
    <div
      aria-valuemax="100"
      aria-valuemin="0"
      aria-valuenow="50"
      class="MuiStack-root css-nen11g-MuiStack-root"
      role="progressbar"
      style="transform: scaleX(0.5); transform-origin: left;"
    />
  </div>
</div>
`;
